// Jest Snapshot v1, https://goo.gl/fbAQLP

exports[`ActivityCard tests renders message with reference at the end 1`] = `
<DocumentFragment>
  <div
    class="MuiBox-root css-inmugw"
  >
    <div
      class="MuiBox-root css-1b8ppav"
    >
      <div
        class="MuiBox-root css-wkpw2c"
      >
        <a
          href="/profile/primary"
        >
          <div
            class="MuiAvatar-root MuiAvatar-circular MuiAvatar-colorDefault css-1gkyibd-MuiAvatar-root"
          >
            <p
              class="MuiTypography-root MuiTypography-body1 css-1mv1vdv-MuiTypography-root"
            >
              P
            </p>
          </div>
        </a>
      </div>
      <div
        class="MuiBox-root css-emvk5y"
      >
        <div
          class="MuiBox-root css-9jay18"
        >
          <span
            style="display: flex; flex-direction: row;"
          >
            <p
              class="MuiTypography-root MuiTypography-body1 css-1b7aal1-MuiTypography-root"
            >
              Primary
            </p>
            Â 
            <a
              class="makeStyles-wrapper-12"
              data-mui-internal-clone-element="true"
              href="/profile/primary"
            >
              @primary
            </a>
          </span>
          <p
            class="MuiTypography-root MuiTypography-body1 css-1dbd2tr-MuiTypography-root"
          >
            about 52 years ago
          </p>
        </div>
        <div
          class="MuiBox-root css-93748c"
        >
          <svg
            fill="currentColor"
            height="20"
            stroke="currentColor"
            stroke-width="0"
            style="padding-right: 4px;"
            viewBox="0 0 16 16"
            width="20"
            xmlns="http://www.w3.org/2000/svg"
          >
            <path
              d="M7.657 6.247c.11-.33.576-.33.686 0l.645 1.937a2.89 2.89 0 0 0 1.829 1.828l1.936.645c.33.11.33.576 0 .686l-1.937.645a2.89 2.89 0 0 0-1.828 1.829l-.645 1.936a.361.361 0 0 1-.686 0l-.645-1.937a2.89 2.89 0 0 0-1.828-1.828l-1.937-.645a.361.361 0 0 1 0-.686l1.937-.645a2.89 2.89 0 0 0 1.828-1.828l.645-1.937zM3.794 1.148a.217.217 0 0 1 .412 0l.387 1.162c.173.518.579.924 1.097 1.097l1.162.387a.217.217 0 0 1 0 .412l-1.162.387A1.734 1.734 0 0 0 4.593 5.69l-.387 1.162a.217.217 0 0 1-.412 0L3.407 5.69A1.734 1.734 0 0 0 2.31 4.593l-1.162-.387a.217.217 0 0 1 0-.412l1.162-.387A1.734 1.734 0 0 0 3.407 2.31l.387-1.162zM10.863.099a.145.145 0 0 1 .274 0l.258.774c.115.346.386.617.732.732l.774.258a.145.145 0 0 1 0 .274l-.774.258a1.156 1.156 0 0 0-.732.732l-.258.774a.145.145 0 0 1-.274 0l-.258-.774a1.156 1.156 0 0 0-.732-.732L9.1 2.137a.145.145 0 0 1 0-.274l.774-.258c.346-.115.617-.386.732-.732L10.863.1z"
            />
          </svg>
          <p
            class="MuiTypography-root MuiTypography-body1 css-1b7aal1-MuiTypography-root"
          >
            did something 
            <a
              class="makeStyles-wrapper-12"
              data-mui-internal-clone-element="true"
              href="/profile/primary"
            >
              @primary
            </a>
          </p>
        </div>
      </div>
    </div>
    <hr
      class="MuiDivider-root MuiDivider-fullWidth css-9mgopn-MuiDivider-root"
    />
  </div>
</DocumentFragment>
`;
